// Jest Snapshot v1, https://goo.gl/fbAQLP

exports[`PropertyHeader Snapshot 1`] = `
<body>
  <div>
    <div
      class="sc-iJKOTD laQxf"
    >
      <div
        class="sc-jJoQJp jjoZrC"
      >
        <h1
          class="sc-giYglK kdklIz"
        >
          propertyAddress-name Pool
        </h1>
        <div
          class="sc-cCcXHH fvmhxK"
        >
          <p>
            <a
              href="https://stakes.social/propertyAddress"
            >
              <img
                alt="Stake to support us"
                src="https://badge.devprotocol.xyz/propertyAddress/descriptive"
              />
            </a>
          </p>
          <div
            class="sc-hiCibw gqUxmN"
          >
            <div
              class="sc-gWXbKe LDsgg"
            >
              <span
                aria-label="copy"
                class="anticon anticon-copy"
                role="img"
              >
                <svg
                  aria-hidden="true"
                  data-icon="copy"
                  fill="currentColor"
                  focusable="false"
                  height="1em"
                  viewBox="64 64 896 896"
                  width="1em"
                >
                  <path
                    d="M832 64H296c-4.4 0-8 3.6-8 8v56c0 4.4 3.6 8 8 8h496v688c0 4.4 3.6 8 8 8h56c4.4 0 8-3.6 8-8V96c0-17.7-14.3-32-32-32zM704 192H192c-17.7 0-32 14.3-32 32v530.7c0 8.5 3.4 16.6 9.4 22.6l173.3 173.3c2.2 2.2 4.7 4 7.4 5.5v1.9h4.2c3.5 1.3 7.2 2 11 2H704c17.7 0 32-14.3 32-32V224c0-17.7-14.3-32-32-32zM350 856.2L263.9 770H350v86.2zM664 888H414V746c0-22.1-17.9-40-40-40H232V264h432v624z"
                  />
                </svg>
              </span>
            </div>
            <span
              style="font-size: 0.8em; margin-left: 2px;"
            >
              Copy
            </span>
          </div>
        </div>
      </div>
      <p
        class="sc-gsDKAQ jbdluz btn-tweet"
      >
        <a
          class="twitter-share-button"
          data-lang="en"
          data-show-count="false"
          data-size="large"
          data-text="Check out propertyAddress-name on Stakes.social #DevProtocol"
          href="https://twitter.com/share"
        >
          Tweet
        </a>
      </p>
      <div
        class="sc-ezbkAF bfFiuR"
      >
        <div
          class="sc-ikJyIC iRCRAn"
        >
          <div
            class="sc-kLwhqv djNtdl"
          >
            <span
              class="sc-bdvvtL jghcBB"
            >
              N/A
              %
            </span>
            <div
              class="sc-bYoBSM dXiAmy"
            />
            <span>
              APY Stakers
            </span>
          </div>
          <div
            class="sc-bYoBSM dXiAmy"
          >
            |
          </div>
          <div
            class="sc-kLwhqv djNtdl"
          >
            <span
              class="sc-bdvvtL jghcBB"
            >
               
              N/A
              %
            </span>
            <div
              class="sc-bYoBSM dXiAmy"
            />
            <span>
              APY Creators
            </span>
          </div>
          <div
            class="sc-bYoBSM dXiAmy"
          >
            |
          </div>
          <div
            class="sc-kLwhqv djNtdl"
          >
            <span
              class="sc-bdvvtL jghcBB"
            >
               
              40,124
            </span>
            <div
              class="sc-bYoBSM dXiAmy"
            />
            <span>
              Karma
            </span>
          </div>
        </div>
        <div>
          <div
            class="sc-llYSUQ FBIEG"
          >
            <button
              class="ant-btn ant-btn-primary"
              type="button"
            >
              <span>
                Stake
              </span>
            </button>
            <button
              class="ant-btn ant-btn-primary"
              type="button"
            >
              <span>
                Claim
              </span>
            </button>
          </div>
        </div>
      </div>
    </div>
  </div>
  <script
    src="https://platform.twitter.com/widgets.js"
  />
</body>
`;
